I'm sorry, but errors were detected in your script. Please correct the
errors listed below, and try again.


File "game/script.rpy", line 148: Tab characters are not allowed in Ren'Py scripts.

Ren'Py Version: Ren'Py 7.2.1.457
Sun Jun  9 22:09:42 2019
